Archive member included because of file (symbol)

c:/winavr-20090313/bin/../lib/gcc/avr/4.3.2/avr5\libgcc.a(_udivmodhi4.o)
                              ./APP/display.o (__udivmodhi4)
c:/winavr-20090313/bin/../lib/gcc/avr/4.3.2/avr5\libgcc.a(_exit.o)
                              c:/winavr-20090313/bin/../lib/gcc/avr/4.3.2/../../../../avr/lib/avr5/crtm16.o (exit)
c:/winavr-20090313/bin/../lib/gcc/avr/4.3.2/avr5\libgcc.a(_copy_data.o)
                              ./HAL/dio.o (__do_copy_data)
c:/winavr-20090313/bin/../lib/gcc/avr/4.3.2/avr5\libgcc.a(_clear_bss.o)
                              ./System/interruptHandler.o (__do_clear_bss)

Allocating common symbols
Common symbol       size              file

SSDs                0xc               ./ECAL/SSD.o
buttons             0xc               ./ECAL/PushButton.o
ISR_FUNCTIONS       0x34              ./System/interruptHandler.o
Tick                0x2               ./HAL/os.o

Memory Configuration

Name             Origin             Length             Attributes
text             0x00000000         0x00020000         xr
data             0x00800060         0x0000ffa0         rw !x
eeprom           0x00810000         0x00010000         rw !x
fuse             0x00820000         0x00000400         rw !x
lock             0x00830000         0x00000400         rw !x
signature        0x00840000         0x00000400         rw !x
*default*        0x00000000         0xffffffff

Linker script and memory map

LOAD c:/winavr-20090313/bin/../lib/gcc/avr/4.3.2/../../../../avr/lib/avr5/crtm16.o
LOAD ./System/interruptHandler.o
LOAD ./HAL/dio.o
LOAD ./HAL/os.o
LOAD ./HAL/timer0.o
LOAD ./ECAL/PushButton.o
LOAD ./ECAL/SSD.o
LOAD ./Config/PB_cfg.o
LOAD ./Config/SSD_cfg.o
LOAD ./Config/dio_cfg.o
LOAD ./Config/tmr0_cfg.o
LOAD ./APP/counter.o
LOAD ./APP/display.o
LOAD ./main.o
LOAD c:/winavr-20090313/bin/../lib/gcc/avr/4.3.2/avr5\libgcc.a
LOAD c:/winavr-20090313/bin/../lib/gcc/avr/4.3.2/../../../../avr/lib/avr5\libc.a
LOAD c:/winavr-20090313/bin/../lib/gcc/avr/4.3.2/avr5\libgcc.a

.hash
 *(.hash)

.dynsym
 *(.dynsym)

.dynstr
 *(.dynstr)

.gnu.version
 *(.gnu.version)

.gnu.version_d
 *(.gnu.version_d)

.gnu.version_r
 *(.gnu.version_r)

.rel.init
 *(.rel.init)

.rela.init
 *(.rela.init)

.rel.text
 *(.rel.text)
 *(.rel.text.*)
 *(.rel.gnu.linkonce.t*)

.rela.text
 *(.rela.text)
 *(.rela.text.*)
 *(.rela.gnu.linkonce.t*)

.rel.fini
 *(.rel.fini)

.rela.fini
 *(.rela.fini)

.rel.rodata
 *(.rel.rodata)
 *(.rel.rodata.*)
 *(.rel.gnu.linkonce.r*)

.rela.rodata
 *(.rela.rodata)
 *(.rela.rodata.*)
 *(.rela.gnu.linkonce.r*)

.rel.data
 *(.rel.data)
 *(.rel.data.*)
 *(.rel.gnu.linkonce.d*)

.rela.data
 *(.rela.data)
 *(.rela.data.*)
 *(.rela.gnu.linkonce.d*)

.rel.ctors
 *(.rel.ctors)

.rela.ctors
 *(.rela.ctors)

.rel.dtors
 *(.rel.dtors)

.rela.dtors
 *(.rela.dtors)

.rel.got
 *(.rel.got)

.rela.got
 *(.rela.got)

.rel.bss
 *(.rel.bss)

.rela.bss
 *(.rela.bss)

.rel.plt
 *(.rel.plt)

.rela.plt
 *(.rela.plt)

.text           0x00000000      0x9dc
 *(.vectors)
 .vectors       0x00000000       0x54 c:/winavr-20090313/bin/../lib/gcc/avr/4.3.2/../../../../avr/lib/avr5/crtm16.o
                0x00000000                __vectors
                0x00000000                __vector_default
 *(.vectors)
 *(.progmem.gcc*)
 *(.progmem*)
                0x00000054                . = ALIGN (0x2)
                0x00000054                __trampolines_start = .
 *(.trampolines)
 .trampolines   0x00000054        0x0 linker stubs
 *(.trampolines*)
                0x00000054                __trampolines_end = .
 *(.jumptables)
 *(.jumptables*)
 *(.lowtext)
 *(.lowtext*)
                0x00000054                __ctors_start = .
 *(.ctors)
                0x00000054                __ctors_end = .
                0x00000054                __dtors_start = .
 *(.dtors)
                0x00000054                __dtors_end = .
 SORT(*)(.ctors)
 SORT(*)(.dtors)
 *(.init0)
 .init0         0x00000054        0x0 c:/winavr-20090313/bin/../lib/gcc/avr/4.3.2/../../../../avr/lib/avr5/crtm16.o
                0x00000054                __init
 *(.init0)
 *(.init1)
 *(.init1)
 *(.init2)
 .init2         0x00000054        0xc c:/winavr-20090313/bin/../lib/gcc/avr/4.3.2/../../../../avr/lib/avr5/crtm16.o
 *(.init2)
 *(.init3)
 *(.init3)
 *(.init4)
 .init4         0x00000060       0x16 c:/winavr-20090313/bin/../lib/gcc/avr/4.3.2/avr5\libgcc.a(_copy_data.o)
                0x00000060                __do_copy_data
 .init4         0x00000076       0x10 c:/winavr-20090313/bin/../lib/gcc/avr/4.3.2/avr5\libgcc.a(_clear_bss.o)
                0x00000076                __do_clear_bss
 *(.init4)
 *(.init5)
 *(.init5)
 *(.init6)
 *(.init6)
 *(.init7)
 *(.init7)
 *(.init8)
 *(.init8)
 *(.init9)
 .init9         0x00000086        0x8 c:/winavr-20090313/bin/../lib/gcc/avr/4.3.2/../../../../avr/lib/avr5/crtm16.o
 *(.init9)
 *(.text)
 .text          0x0000008e        0x4 c:/winavr-20090313/bin/../lib/gcc/avr/4.3.2/../../../../avr/lib/avr5/crtm16.o
                0x0000008e                __vector_1
                0x0000008e                __vector_12
                0x0000008e                __bad_interrupt
                0x0000008e                __vector_6
                0x0000008e                __vector_3
                0x0000008e                __vector_11
                0x0000008e                __vector_13
                0x0000008e                __vector_17
                0x0000008e                __vector_19
                0x0000008e                __vector_7
                0x0000008e                __vector_5
                0x0000008e                __vector_4
                0x0000008e                __vector_9
                0x0000008e                __vector_2
                0x0000008e                __vector_15
                0x0000008e                __vector_8
                0x0000008e                __vector_14
                0x0000008e                __vector_16
                0x0000008e                __vector_18
                0x0000008e                __vector_20
 .text          0x00000092        0x0 ./System/interruptHandler.o
 .text          0x00000092        0x0 ./HAL/dio.o
 .text          0x00000092        0x0 ./HAL/os.o
 .text          0x00000092        0x0 ./HAL/timer0.o
 .text          0x00000092        0x0 ./ECAL/PushButton.o
 .text          0x00000092        0x0 ./ECAL/SSD.o
 .text          0x00000092        0x0 ./Config/PB_cfg.o
 .text          0x00000092        0x0 ./Config/SSD_cfg.o
 .text          0x00000092        0x0 ./Config/dio_cfg.o
 .text          0x00000092        0x0 ./Config/tmr0_cfg.o
 .text          0x00000092        0x0 ./APP/counter.o
 .text          0x00000092        0x0 ./APP/display.o
 .text          0x00000092        0x0 ./main.o
 .text          0x00000092        0x0 c:/winavr-20090313/bin/../lib/gcc/avr/4.3.2/avr5\libgcc.a(_udivmodhi4.o)
 .text          0x00000092        0x0 c:/winavr-20090313/bin/../lib/gcc/avr/4.3.2/avr5\libgcc.a(_exit.o)
 .text          0x00000092        0x0 c:/winavr-20090313/bin/../lib/gcc/avr/4.3.2/avr5\libgcc.a(_copy_data.o)
 .text          0x00000092        0x0 c:/winavr-20090313/bin/../lib/gcc/avr/4.3.2/avr5\libgcc.a(_clear_bss.o)
                0x00000092                . = ALIGN (0x2)
 *(.text.*)
 .text.INT_setGlobalInterrupt
                0x00000092        0xa ./System/interruptHandler.o
                0x00000092                INT_setGlobalInterrupt
 .text.INT_enableInterrupt
                0x0000009c       0x20 ./System/interruptHandler.o
                0x0000009c                INT_enableInterrupt
 .text.INT_disableInterrupt
                0x000000bc       0x20 ./System/interruptHandler.o
                0x000000bc                INT_disableInterrupt
 .text.INT_callbackRegister
                0x000000dc       0x1c ./System/interruptHandler.o
                0x000000dc                INT_callbackRegister
 .text.INT_checkFlag
                0x000000f8       0x30 ./System/interruptHandler.o
                0x000000f8                INT_checkFlag
 .text.__vector_10
                0x00000128       0x48 ./System/interruptHandler.o
                0x00000128                __vector_10
 .text.Dio_Init
                0x00000170      0x124 ./HAL/dio.o
                0x00000170                Dio_Init
 .text.Dio_ChannelRead
                0x00000294       0x58 ./HAL/dio.o
                0x00000294                Dio_ChannelRead
 .text.Dio_portRead
                0x000002ec       0x1e ./HAL/dio.o
                0x000002ec                Dio_portRead
 .text.Dio_ChannelWrite
                0x0000030a       0x5e ./HAL/dio.o
                0x0000030a                Dio_ChannelWrite
 .text.Dio_portWrite
                0x00000368       0x1a ./HAL/dio.o
                0x00000368                Dio_portWrite
 .text.Dio_ChannelToggle
                0x00000382       0x34 ./HAL/dio.o
                0x00000382                Dio_ChannelToggle
 .text.OS_countPeriod
                0x000003b6       0x38 ./HAL/os.o
                0x000003b6                OS_countPeriod
 .text.OS_schedule
                0x000003ee       0x1e ./HAL/os.o
                0x000003ee                OS_schedule
 .text.OS_init  0x0000040c       0x32 ./HAL/os.o
                0x0000040c                OS_init
 .text.TMR0_Init
                0x0000043e       0xec ./HAL/timer0.o
                0x0000043e                TMR0_Init
 .text.TMR0_update
                0x0000052a        0x2 ./HAL/timer0.o
                0x0000052a                TMR0_update
 .text.loadOCR  0x0000052c        0xe ./HAL/timer0.o
                0x0000052c                loadOCR
 .text.PB_init  0x0000053a       0x52 ./ECAL/PushButton.o
                0x0000053a                PB_init
 .text.PB_getButtonState
                0x0000058c       0x26 ./ECAL/PushButton.o
                0x0000058c                PB_getButtonState
 .text.PB_update
                0x000005b2       0xb6 ./ECAL/PushButton.o
                0x000005b2                PB_update
 .text.SSD_init
                0x00000668       0x6a ./ECAL/SSD.o
                0x00000668                SSD_init
 .text.SSD_getSymbol
                0x000006d2       0x62 ./ECAL/SSD.o
                0x000006d2                SSD_getSymbol
 .text.SSD_setSymbol
                0x00000734       0x50 ./ECAL/SSD.o
                0x00000734                SSD_setSymbol
 .text.SSD_getState
                0x00000784       0x5e ./ECAL/SSD.o
                0x00000784                SSD_getState
 .text.SSD_setState
                0x000007e2       0x48 ./ECAL/SSD.o
                0x000007e2                SSD_setState
 .text.SSD_update
                0x0000082a       0x40 ./ECAL/SSD.o
                0x0000082a                SSD_update
 .text.PB_ConfigGet
                0x0000086a        0x6 ./Config/PB_cfg.o
                0x0000086a                PB_ConfigGet
 .text.SSD_ConfigGet
                0x00000870        0x6 ./Config/SSD_cfg.o
                0x00000870                SSD_ConfigGet
 .text.Dio_ConfigGet
                0x00000876        0x6 ./Config/dio_cfg.o
                0x00000876                Dio_ConfigGet
 .text.Tmr0_ConfigGet
                0x0000087c        0x6 ./Config/tmr0_cfg.o
                0x0000087c                Tmr0_ConfigGet
 .text.CNT_init
                0x00000882        0xa ./APP/counter.o
                0x00000882                CNT_init
 .text.CNT_getCounter
                0x0000088c        0xa ./APP/counter.o
                0x0000088c                CNT_getCounter
 .text.CNT_update
                0x00000896       0x70 ./APP/counter.o
                0x00000896                CNT_update
 .text.DISP_update
                0x00000906       0x52 ./APP/display.o
                0x00000906                DISP_update
 .text.Disp_init
                0x00000958       0x22 ./APP/display.o
                0x00000958                Disp_init
 .text.main     0x0000097a       0x36 ./main.o
                0x0000097a                main
 .text.libgcc   0x000009b0       0x28 c:/winavr-20090313/bin/../lib/gcc/avr/4.3.2/avr5\libgcc.a(_udivmodhi4.o)
                0x000009b0                __udivmodhi4
 .text.libgcc   0x000009d8        0x0 c:/winavr-20090313/bin/../lib/gcc/avr/4.3.2/avr5\libgcc.a(_exit.o)
 .text.libgcc   0x000009d8        0x0 c:/winavr-20090313/bin/../lib/gcc/avr/4.3.2/avr5\libgcc.a(_copy_data.o)
 .text.libgcc   0x000009d8        0x0 c:/winavr-20090313/bin/../lib/gcc/avr/4.3.2/avr5\libgcc.a(_clear_bss.o)
                0x000009d8                . = ALIGN (0x2)
 *(.fini9)
 .fini9         0x000009d8        0x0 c:/winavr-20090313/bin/../lib/gcc/avr/4.3.2/avr5\libgcc.a(_exit.o)
                0x000009d8                exit
                0x000009d8                _exit
 *(.fini9)
 *(.fini8)
 *(.fini8)
 *(.fini7)
 *(.fini7)
 *(.fini6)
 *(.fini6)
 *(.fini5)
 *(.fini5)
 *(.fini4)
 *(.fini4)
 *(.fini3)
 *(.fini3)
 *(.fini2)
 *(.fini2)
 *(.fini1)
 *(.fini1)
 *(.fini0)
 .fini0         0x000009d8        0x4 c:/winavr-20090313/bin/../lib/gcc/avr/4.3.2/avr5\libgcc.a(_exit.o)
 *(.fini0)
                0x000009dc                _etext = .

.data           0x00800060       0x74 load address 0x000009dc
                0x00800060                PROVIDE (__data_start, .)
 *(.data)
 .data          0x00800060        0x0 c:/winavr-20090313/bin/../lib/gcc/avr/4.3.2/../../../../avr/lib/avr5/crtm16.o
 .data          0x00800060        0x0 ./System/interruptHandler.o
 .data          0x00800060        0x0 ./HAL/dio.o
 .data          0x00800060        0x0 ./HAL/os.o
 .data          0x00800060        0x0 ./HAL/timer0.o
 .data          0x00800060        0x0 ./ECAL/PushButton.o
 .data          0x00800060        0x0 ./ECAL/SSD.o
 .data          0x00800060        0x0 ./Config/PB_cfg.o
 .data          0x00800060        0x0 ./Config/SSD_cfg.o
 .data          0x00800060        0x0 ./Config/dio_cfg.o
 .data          0x00800060        0x0 ./Config/tmr0_cfg.o
 .data          0x00800060        0x0 ./APP/counter.o
 .data          0x00800060        0x0 ./APP/display.o
 .data          0x00800060        0x0 ./main.o
 .data          0x00800060        0x0 c:/winavr-20090313/bin/../lib/gcc/avr/4.3.2/avr5\libgcc.a(_udivmodhi4.o)
 .data          0x00800060        0x0 c:/winavr-20090313/bin/../lib/gcc/avr/4.3.2/avr5\libgcc.a(_exit.o)
 .data          0x00800060        0x0 c:/winavr-20090313/bin/../lib/gcc/avr/4.3.2/avr5\libgcc.a(_copy_data.o)
 .data          0x00800060        0x0 c:/winavr-20090313/bin/../lib/gcc/avr/4.3.2/avr5\libgcc.a(_clear_bss.o)
 *(.data*)
 .data.dataInReg
                0x00800060        0x4 ./HAL/dio.o
                0x00800060                dataInReg
 .data.dataDirReg
                0x00800064        0x4 ./HAL/dio.o
                0x00800064                dataDirReg
 .data.dataOutReg
                0x00800068        0x4 ./HAL/dio.o
                0x00800068                dataOutReg
 .data.buttonsConfig
                0x0080006c        0xc ./Config/PB_cfg.o
                0x0080006c                buttonsConfig
 .data.SSDConfig
                0x00800078        0xc ./Config/SSD_cfg.o
                0x00800078                SSDConfig
 .data.tmr0Config
                0x00800084        0x3 ./Config/tmr0_cfg.o
                0x00800084                tmr0Config
 *(.rodata)
 *(.rodata*)
 .rodata.SSD_data
                0x00800087        0xa ./ECAL/SSD.o
 .rodata.DioConfig
                0x00800091       0x42 ./Config/dio_cfg.o
                0x00800091                DioConfig
 *(.gnu.linkonce.d*)
                0x008000d4                . = ALIGN (0x2)
 *fill*         0x008000d3        0x1 00
                0x008000d4                _edata = .
                0x008000d4                PROVIDE (__data_end, .)

.bss            0x008000d4       0x58
                0x008000d4                PROVIDE (__bss_start, .)
 *(.bss)
 .bss           0x008000d4        0x0 c:/winavr-20090313/bin/../lib/gcc/avr/4.3.2/../../../../avr/lib/avr5/crtm16.o
 .bss           0x008000d4        0x0 ./System/interruptHandler.o
 .bss           0x008000d4        0x0 ./HAL/dio.o
 .bss           0x008000d4        0x0 ./HAL/os.o
 .bss           0x008000d4        0x0 ./HAL/timer0.o
 .bss           0x008000d4        0x0 ./ECAL/PushButton.o
 .bss           0x008000d4        0x0 ./ECAL/SSD.o
 .bss           0x008000d4        0x0 ./Config/PB_cfg.o
 .bss           0x008000d4        0x0 ./Config/SSD_cfg.o
 .bss           0x008000d4        0x0 ./Config/dio_cfg.o
 .bss           0x008000d4        0x0 ./Config/tmr0_cfg.o
 .bss           0x008000d4        0x0 ./APP/counter.o
 .bss           0x008000d4        0x0 ./APP/display.o
 .bss           0x008000d4        0x0 ./main.o
 .bss           0x008000d4        0x0 c:/winavr-20090313/bin/../lib/gcc/avr/4.3.2/avr5\libgcc.a(_udivmodhi4.o)
 .bss           0x008000d4        0x0 c:/winavr-20090313/bin/../lib/gcc/avr/4.3.2/avr5\libgcc.a(_exit.o)
 .bss           0x008000d4        0x0 c:/winavr-20090313/bin/../lib/gcc/avr/4.3.2/avr5\libgcc.a(_copy_data.o)
 .bss           0x008000d4        0x0 c:/winavr-20090313/bin/../lib/gcc/avr/4.3.2/avr5\libgcc.a(_clear_bss.o)
 *(.bss*)
 .bss.OS_flag   0x008000d4        0x1 ./HAL/os.o
                0x008000d4                OS_flag
 .bss.OS_counter
                0x008000d5        0x2 ./HAL/os.o
                0x008000d5                OS_counter
 .bss.PB_update_counter.1506
                0x008000d7        0x1 ./ECAL/PushButton.o
 .bss.currentSSD.1509
                0x008000d8        0x1 ./ECAL/SSD.o
 .bss.SSD_update_counter.1508
                0x008000d9        0x1 ./ECAL/SSD.o
 .bss.CNT_counter
                0x008000da        0x2 ./APP/counter.o
                0x008000da                CNT_counter
 .bss.CNT_period_counter.1491
                0x008000dc        0x1 ./APP/counter.o
 .bss.DISP_period_counter.1492
                0x008000dd        0x1 ./APP/display.o
 *(COMMON)
 COMMON         0x008000de       0x34 ./System/interruptHandler.o
                0x008000de                ISR_FUNCTIONS
 COMMON         0x00800112        0x2 ./HAL/os.o
                0x00800112                Tick
 COMMON         0x00800114        0xc ./ECAL/PushButton.o
                0x00800114                buttons
 COMMON         0x00800120        0xc ./ECAL/SSD.o
                0x00800120                SSDs
                0x0080012c                PROVIDE (__bss_end, .)
                0x000009dc                __data_load_start = LOADADDR (.data)
                0x00000a50                __data_load_end = (__data_load_start + SIZEOF (.data))

.noinit         0x0080012c        0x0
                0x0080012c                PROVIDE (__noinit_start, .)
 *(.noinit*)
                0x0080012c                PROVIDE (__noinit_end, .)
                0x0080012c                _end = .
                0x0080012c                PROVIDE (__heap_start, .)

.eeprom         0x00810000        0x0
 *(.eeprom*)
                0x00810000                __eeprom_end = .

.fuse
 *(.fuse)
 *(.lfuse)
 *(.hfuse)
 *(.efuse)

.lock
 *(.lock*)

.signature
 *(.signature*)

.stab
 *(.stab)

.stabstr
 *(.stabstr)

.stab.excl
 *(.stab.excl)

.stab.exclstr
 *(.stab.exclstr)

.stab.index
 *(.stab.index)

.stab.indexstr
 *(.stab.indexstr)

.comment
 *(.comment)

.debug
 *(.debug)

.line
 *(.line)

.debug_srcinfo
 *(.debug_srcinfo)

.debug_sfnames
 *(.debug_sfnames)

.debug_aranges
 *(.debug_aranges)

.debug_pubnames
 *(.debug_pubnames)

.debug_info
 *(.debug_info)
 *(.gnu.linkonce.wi.*)

.debug_abbrev
 *(.debug_abbrev)

.debug_line
 *(.debug_line)

.debug_frame
 *(.debug_frame)

.debug_str
 *(.debug_str)

.debug_loc
 *(.debug_loc)

.debug_macinfo
 *(.debug_macinfo)
OUTPUT(AVR_drivers.elf elf32-avr)
LOAD linker stubs
